

Starting Script 00
Output directory: /quobyte/lasallegrp/projects/GROWELL/WGBS/2025_bgw_comethyl_Victoria/comethyl_output/consensus/00_cpg_extraction/Males
Detected 48 CpG report files
Loaded metadata for 25 samples
[getCpGs] Loading CpG-level data
[read.bismark] Using 'loci' as candidate loci.
[read.bismark] Collapsing strand of 'loci' ...
Done in 21.6 secs
[read.bismark] Parsing files and constructing 'M' and 'Cov' matrices ...
Done in 187.3 secs
[read.bismark] Constructing BSseq object ... 
[getCpGs] Final BSseq Object:
[getCpGs] Saving file as /quobyte/lasallegrp/projects/GROWELL/WGBS/2025_bgw_comethyl_Victoria/comethyl_output/consensus/00_cpg_extraction/Males/Unfiltered_BSseq.rds
Unfiltered BSseq object created successfully
[getCpGtotals] Calculating CpG totals at specified cov and perSample cutoffs
[getCpGtotals] Saving file as /quobyte/lasallegrp/projects/GROWELL/WGBS/2025_bgw_comethyl_Victoria/comethyl_output/consensus/00_cpg_extraction/Males/CpG_Totals.txt
[plotCpGtotals] Plotting CpG totals
[plotCpGtotals] Saving plot as /quobyte/lasallegrp/projects/GROWELL/WGBS/2025_bgw_comethyl_Victoria/comethyl_output/consensus/00_cpg_extraction/Males/CpG_Totals.pdf
Consensus Script 00 complete for dataset: Males
Starting Script 00
Output directory: /quobyte/lasallegrp/projects/GROWELL/WGBS/2025_bgw_comethyl_Victoria/comethyl_output/consensus/00_cpg_extraction/Females
Detected 48 CpG report files
Loaded metadata for 23 samples
[getCpGs] Loading CpG-level data
[read.bismark] Using 'loci' as candidate loci.
[read.bismark] Collapsing strand of 'loci' ...
Done in 22.1 secs
[read.bismark] Parsing files and constructing 'M' and 'Cov' matrices ...
Done in 148.6 secs
[read.bismark] Constructing BSseq object ... 
[getCpGs] Final BSseq Object:
[getCpGs] Saving file as /quobyte/lasallegrp/projects/GROWELL/WGBS/2025_bgw_comethyl_Victoria/comethyl_output/consensus/00_cpg_extraction/Females/Unfiltered_BSseq.rds
Unfiltered BSseq object created successfully
[getCpGtotals] Calculating CpG totals at specified cov and perSample cutoffs
[getCpGtotals] Saving file as /quobyte/lasallegrp/projects/GROWELL/WGBS/2025_bgw_comethyl_Victoria/comethyl_output/consensus/00_cpg_extraction/Females/CpG_Totals.txt
[plotCpGtotals] Plotting CpG totals
[plotCpGtotals] Saving plot as /quobyte/lasallegrp/projects/GROWELL/WGBS/2025_bgw_comethyl_Victoria/comethyl_output/consensus/00_cpg_extraction/Females/CpG_Totals.pdf
Consensus Script 00 complete for dataset: Females
Starting Script 01 
Output directory: /quobyte/lasallegrp/projects/GROWELL/WGBS/2025_bgw_comethyl_Victoria/comethyl_output/consensus/01_reference_filter_regions/Males/cov3_75pct
[getCpGs] Filtering CpG-level data for loci with at least 3 reads in at least 75% of samples
[getCpGs] Final BSseq Object:
[getCpGs] Saving file as /quobyte/lasallegrp/projects/GROWELL/WGBS/2025_bgw_comethyl_Victoria/comethyl_output/consensus/01_reference_filter_regions/Males/cov3_75pct/Filtered_BSseq.rds
Filtered CpGs retained: 25854133
[getRegions] Calling regions when at least 3 CpGs are no more than 150 bases apart
[getRegions] Calculating region statistics
[getRegions] Saving file as /quobyte/lasallegrp/projects/GROWELL/WGBS/2025_bgw_comethyl_Victoria/comethyl_output/consensus/01_reference_filter_regions/Males/cov3_75pct/Regions.txt
Regions generated: 2426460
[plotRegionStats] Plotting histograms of region statistics
[plotRegionStats] Limiting x-axis to values in bottom 99% for width, n, covMin, and covMean
[plotRegionStats] Saving plots as /quobyte/lasallegrp/projects/GROWELL/WGBS/2025_bgw_comethyl_Victoria/comethyl_output/consensus/01_reference_filter_regions/Males/cov3_75pct/Region_Plots.pdf
[plotSDstats] Plotting methylation SD vs region statistics
[plotSDstats] Limiting x-axis to values in bottom 99% for n, covMin, and covMean
[plotSDstats] Saving plots as /quobyte/lasallegrp/projects/GROWELL/WGBS/2025_bgw_comethyl_Victoria/comethyl_output/consensus/01_reference_filter_regions/Males/cov3_75pct/SD_Plots.pdf
Warning message:
The dot-dot notation (`..count..`) was deprecated in ggplot2 3.4.0.
ℹ Please use `after_stat(count)` instead.
ℹ The deprecated feature was likely used in the comethyl package.
  Please report the issue at <https://github.com/cemordaunt/comethyl/issues>. 
[getRegionTotals] Calculating region totals at specified covMin and methSD cutoffs
[getRegionTotals] Saving file as /quobyte/lasallegrp/projects/GROWELL/WGBS/2025_bgw_comethyl_Victoria/comethyl_output/consensus/01_reference_filter_regions/Males/cov3_75pct/Region_Totals.txt
[plotRegionTotals] Plotting region totals
[plotRegionTotals] Saving plot as /quobyte/lasallegrp/projects/GROWELL/WGBS/2025_bgw_comethyl_Victoria/comethyl_output/consensus/01_reference_filter_regions/Males/cov3_75pct/Region_Totals.pdf
Consensus Script 01 complete for reference dataset: Males
Starting Script 02
Output directory: /quobyte/lasallegrp/projects/GROWELL/WGBS/2025_bgw_comethyl_Victoria/comethyl_output/consensus/02_reference_region_filter/Males/cov3_75pct/covMin4_methSD0p08
Loaded unfiltered regions: 2426460
[getRegions] Filtering regions for at least 4 reads in all samples and methylation SD of at least 8%
[getRegions] Creating new Region IDs
[getRegions] Saving file as /quobyte/lasallegrp/projects/GROWELL/WGBS/2025_bgw_comethyl_Victoria/comethyl_output/consensus/02_reference_region_filter/Males/cov3_75pct/covMin4_methSD0p08/Filtered_Regions.txt
Filtered regions: 479960
Saved filtered regions: /quobyte/lasallegrp/projects/GROWELL/WGBS/2025_bgw_comethyl_Victoria/comethyl_output/consensus/02_reference_region_filter/Males/cov3_75pct/covMin4_methSD0p08/Filtered_Regions.txt
[plotRegionStats] Plotting histograms of region statistics
[plotRegionStats] Limiting x-axis to values in bottom 99% for width, n, covMin, and covMean
[plotRegionStats] Saving plots as /quobyte/lasallegrp/projects/GROWELL/WGBS/2025_bgw_comethyl_Victoria/comethyl_output/consensus/02_reference_region_filter/Males/cov3_75pct/covMin4_methSD0p08/RegionStats_UNFILTERED.pdf
[plotRegionStats] Plotting histograms of region statistics
[plotRegionStats] Limiting x-axis to values in bottom 99% for width, n, covMin, and covMean
[plotRegionStats] Saving plots as /quobyte/lasallegrp/projects/GROWELL/WGBS/2025_bgw_comethyl_Victoria/comethyl_output/consensus/02_reference_region_filter/Males/cov3_75pct/covMin4_methSD0p08/RegionStats_FILTERED.pdf
Saved separate plots:
 - /quobyte/lasallegrp/projects/GROWELL/WGBS/2025_bgw_comethyl_Victoria/comethyl_output/consensus/02_reference_region_filter/Males/cov3_75pct/covMin4_methSD0p08/RegionStats_UNFILTERED.pdf
 - /quobyte/lasallegrp/projects/GROWELL/WGBS/2025_bgw_comethyl_Victoria/comethyl_output/consensus/02_reference_region_filter/Males/cov3_75pct/covMin4_methSD0p08/RegionStats_FILTERED.pdf
[plotRegionStatsCompare2] Building combined QC plot
[plotRegionStatsCompare2] Saving: /quobyte/lasallegrp/projects/GROWELL/WGBS/2025_bgw_comethyl_Victoria/comethyl_output/consensus/02_reference_region_filter/Males/cov3_75pct/covMin4_methSD0p08/RegionStats_FilterEffect_COMBINED.pdf
Warning message:
In geom_vline(data = thr, aes(xintercept = x), linetype = "dashed",  :
  Ignoring unknown parameters: `inherit.aes`
Saved combined plot: /quobyte/lasallegrp/projects/GROWELL/WGBS/2025_bgw_comethyl_Victoria/comethyl_output/consensus/02_reference_region_filter/Males/cov3_75pct/covMin4_methSD0p08/RegionStats_FilterEffect_COMBINED.pdf
Consensus Script 02 complete: reference region filtering and QC plots complete
Output folder: /quobyte/lasallegrp/projects/GROWELL/WGBS/2025_bgw_comethyl_Victoria/comethyl_output/consensus/02_reference_region_filter/Males/cov3_75pct/covMin4_methSD0p08
Regions after filtering: 479960
Starting Script 03
Output directory: /quobyte/lasallegrp/projects/GROWELL/WGBS/2025_bgw_comethyl_Victoria/comethyl_output/consensus/03_region_methylation/Males/cov3_75pct/covMin4_methSD0p08
Loaded filtered regions: 479960
Loaded BSseq object successfully
[getRegionMeth] Calculating region methylation from BSseq object
[getRegionMeth] Saving file as /quobyte/lasallegrp/projects/GROWELL/WGBS/2025_bgw_comethyl_Victoria/comethyl_output/consensus/03_region_methylation/Males/cov3_75pct/covMin4_methSD0p08/Region_Methylation.rds
Saved region methylation RDS: /quobyte/lasallegrp/projects/GROWELL/WGBS/2025_bgw_comethyl_Victoria/comethyl_output/consensus/03_region_methylation/Males/cov3_75pct/covMin4_methSD0p08/Region_Methylation.rds
Matrix dimensions: 479960 regions x 25 samples
Consensus Script 03 complete: reference region methylation calculated
Starting Script 04
Reference filtered BSseq loaded
Reference CpGs: 25854133

====================================================
Processing dataset: Females
====================================================
[getCpGs] Loading CpG-level data
[read.bismark] Using 'loci' as candidate loci.
[read.bismark] Collapsing strand of 'loci' ...
Done in 19 secs
[read.bismark] Parsing files and constructing 'M' and 'Cov' matrices ...
Done in 130.6 secs
[read.bismark] Constructing BSseq object ... 
[getCpGs] Final BSseq Object:
[getCpGs] Saving file as /quobyte/lasallegrp/projects/GROWELL/WGBS/2025_bgw_comethyl_Victoria/comethyl_output/consensus/04_align_to_reference_cpgs/Females/Unfiltered_BSseq.rds
[getCpGs] Filtering CpG-level data for loci with at least 1 reads in at least 1% of samples
[getCpGs] Final BSseq Object:
[getCpGs] Saving file as /quobyte/lasallegrp/projects/GROWELL/WGBS/2025_bgw_comethyl_Victoria/comethyl_output/consensus/04_align_to_reference_cpgs/Females/Filtered_BSseq.rds
 Completed dataset: Females
  Unfiltered CpGs: 29401795
  Aligned CpGs:    25854133
  Filtered CpGs:   25853851
Consensus Script 04 complete
Starting Script 05
Loaded reference filtered regions: 479960
Derived cpg_label    : cov3_75pct
Derived region_label : covMin4_methSD0p08

====================================================
Processing dataset: Females
====================================================
Output directory: /quobyte/lasallegrp/projects/GROWELL/WGBS/2025_bgw_comethyl_Victoria/comethyl_output/consensus/03_region_methylation/Females/cov3_75pct/covMin4_methSD0p08
[getRegionMeth] Calculating region methylation from BSseq object
[getRegionMeth] Saving file as /quobyte/lasallegrp/projects/GROWELL/WGBS/2025_bgw_comethyl_Victoria/comethyl_output/consensus/03_region_methylation/Females/cov3_75pct/covMin4_methSD0p08/Region_Methylation.rds
✓ Completed dataset: Females
  Matrix dimensions: 479960 regions x 23 samples
Consensus Script 05 complete
Starting Script 05b
Derived cpg_label    : cov3_75pct
Derived region_label : covMin4_methSD0p08
Output directory: /quobyte/lasallegrp/projects/GROWELL/WGBS/2025_bgw_comethyl_Victoria/comethyl_output/consensus/05b_shared_complete_regions/cov3_75pct/covMin4_methSD0p08
Loading Males: /quobyte/lasallegrp/projects/GROWELL/WGBS/2025_bgw_comethyl_Victoria/comethyl_output/consensus/03_region_methylation/Males/cov3_75pct/covMin4_methSD0p08/Region_Methylation.rds
  Loaded: 479960 regions x 25 samples
Loading Females: /quobyte/lasallegrp/projects/GROWELL/WGBS/2025_bgw_comethyl_Victoria/comethyl_output/consensus/03_region_methylation/Females/cov3_75pct/covMin4_methSD0p08/Region_Methylation.rds
  Loaded: 479960 regions x 23 samples
Finding regions shared across all 2 datasets...
Regions per dataset (before filtering):
  Males: 479960
  Females: 479960
Regions shared across all datasets: 479960
Identifying complete regions (no NAs) in each dataset...
  Males: 479960 complete | 0 with NAs
  Females: 478546 complete | 1414 with NAs
Regions complete across ALL datasets: 478546
Subsetting matrices to shared complete regions...
  Males: 478546 regions x 25 samples
  Females: 478546 regions x 23 samples
Saved shared complete region IDs: 478546
Loading regions file to create shared filtered regions table...
Saved shared filtered regions table: /quobyte/lasallegrp/projects/GROWELL/WGBS/2025_bgw_comethyl_Victoria/comethyl_output/consensus/05b_shared_complete_regions/cov3_75pct/covMin4_methSD0p08/shared_complete_regions_4col.tsv
Saved filtered matrix for Males: /quobyte/lasallegrp/projects/GROWELL/WGBS/2025_bgw_comethyl_Victoria/comethyl_output/consensus/05b_shared_complete_regions/cov3_75pct/covMin4_methSD0p08/Males_Methylation_complete.rds
Saved filtered matrix for Females: /quobyte/lasallegrp/projects/GROWELL/WGBS/2025_bgw_comethyl_Victoria/comethyl_output/consensus/05b_shared_complete_regions/cov3_75pct/covMin4_methSD0p08/Females_Methylation_complete.rds
Consensus Script 05b complete: shared complete region filtering done
Output folder: /quobyte/lasallegrp/projects/GROWELL/WGBS/2025_bgw_comethyl_Victoria/comethyl_output/consensus/05b_shared_complete_regions/cov3_75pct/covMin4_methSD0p08
Shared complete regions retained: 478546

Use the following filtered matrices as --input_meth in Script 06:
  Males: /quobyte/lasallegrp/projects/GROWELL/WGBS/2025_bgw_comethyl_Victoria/comethyl_output/consensus/05b_shared_complete_regions/cov3_75pct/covMin4_methSD0p08/Males_Methylation_complete.rds
  Females: /quobyte/lasallegrp/projects/GROWELL/WGBS/2025_bgw_comethyl_Victoria/comethyl_output/consensus/05b_shared_complete_regions/cov3_75pct/covMin4_methSD0p08/Females_Methylation_complete.rds
Starting Script 06
Derived labels:
  dataset_label : Males
  cpg_label     : cov3_75pct
  region_label  : covMin4_methSD0p08
Output directory: /quobyte/lasallegrp/projects/GROWELL/WGBS/2025_bgw_comethyl_Victoria/comethyl_output/consensus/06_pc_diagnostics/Males/cov3_75pct/covMin4_methSD0p08
Loaded methylation: 478546 regions x 25 samples
[readSampleInfo] Reading sample info: /quobyte/lasallegrp/projects/GROWELL/WGBS/2025_bgw_comethyl_Victoria/data/metadata/merged_qc_males.xlsx
[readSampleInfo] No sample_id_col provided; using existing rownames.
[readSampleInfo] First 6 rownames used as sample IDs:
After alignment: 478546 regions x 25 samples
Numeric traits retained: 50
[readTraitFile] Loaded 7 traits from: /quobyte/lasallegrp/projects/GROWELL/WGBS/2025_bgw_comethyl_Victoria/config/protected_traits.txt
[readTraitFile] Loaded 3 traits from: /quobyte/lasallegrp/projects/GROWELL/WGBS/2025_bgw_comethyl_Victoria/config/technical_traits.txt
[resolveTraits] protected_traits: requested = 7, found = 5, missing = 2
[resolveTraits] technical_traits: requested = 3, found = 3, missing = 0
Protected traits in SVA model: soc_env_tot, env_tot, soc_tot, wflzd_0to6mo, wflzd_6to12mo
[getPCs_generic] Determining number of PCs via sva::num.sv
Saved: Variance_Explained_First20_PCs.pdf
[getMEtraitCor] Testing associations between module eigennodes and sample traits using pearson correlation
[getMEtraitCor] Saving file as /quobyte/lasallegrp/projects/GROWELL/WGBS/2025_bgw_comethyl_Victoria/comethyl_output/consensus/06_pc_diagnostics/Males/cov3_75pct/covMin4_methSD0p08/PC_Trait_Correlation_Stats_Pearson.tsv
[getMEtraitCor] Testing associations between module eigennodes and sample traits using bicor correlation
[getMEtraitCor] Saving file as /quobyte/lasallegrp/projects/GROWELL/WGBS/2025_bgw_comethyl_Victoria/comethyl_output/consensus/06_pc_diagnostics/Males/cov3_75pct/covMin4_methSD0p08/PC_Trait_Correlation_Stats_Bicor.tsv
Saving publication heatmap: /quobyte/lasallegrp/projects/GROWELL/WGBS/2025_bgw_comethyl_Victoria/comethyl_output/consensus/06_pc_diagnostics/Males/cov3_75pct/covMin4_methSD0p08/PC_Trait_Bicor_Heatmap_PUBLICATION.pdf
[plotMEtraitCor_pub] corType = bicor
[plotMEtraitCor_pub] autoSize -> width=6.00, height=5.00 (nX=3,nY=8)
Saving top-cells heatmap: /quobyte/lasallegrp/projects/GROWELL/WGBS/2025_bgw_comethyl_Victoria/comethyl_output/consensus/06_pc_diagnostics/Males/cov3_75pct/covMin4_methSD0p08/PC_Trait_Bicor_Heatmap_Top50Cells.pdf
[plotMEtraitCor_pub] corType = bicor
[plotTraitDendrogramFromPC] Saved: /quobyte/lasallegrp/projects/GROWELL/WGBS/2025_bgw_comethyl_Victoria/comethyl_output/consensus/06_pc_diagnostics/Males/cov3_75pct/covMin4_methSD0p08/Trait_Dendrogram_From_PC_Associations.pdf
Script 06 complete: PC diagnostics finished
Output: /quobyte/lasallegrp/projects/GROWELL/WGBS/2025_bgw_comethyl_Victoria/comethyl_output/consensus/06_pc_diagnostics/Males/cov3_75pct/covMin4_methSD0p08
  dataset : Males
  cpg     : cov3_75pct
  region  : covMin4_methSD0p08
  SVs selected by num.sv: 3 of 25 total PCs
Starting Script 06
Derived labels:
  dataset_label : Females
  cpg_label     : cov3_75pct
  region_label  : covMin4_methSD0p08
Output directory: /quobyte/lasallegrp/projects/GROWELL/WGBS/2025_bgw_comethyl_Victoria/comethyl_output/consensus/06_pc_diagnostics/Females/cov3_75pct/covMin4_methSD0p08
Loaded methylation: 478546 regions x 23 samples
[readSampleInfo] Reading sample info: /quobyte/lasallegrp/projects/GROWELL/WGBS/2025_bgw_comethyl_Victoria/data/metadata/merged_qc_females.xlsx
[readSampleInfo] No sample_id_col provided; using existing rownames.
[readSampleInfo] First 6 rownames used as sample IDs:
After alignment: 478546 regions x 23 samples
Numeric traits retained: 49
[readTraitFile] Loaded 7 traits from: /quobyte/lasallegrp/projects/GROWELL/WGBS/2025_bgw_comethyl_Victoria/config/protected_traits.txt
[readTraitFile] Loaded 3 traits from: /quobyte/lasallegrp/projects/GROWELL/WGBS/2025_bgw_comethyl_Victoria/config/technical_traits.txt
[resolveTraits] protected_traits: requested = 7, found = 5, missing = 2
[resolveTraits] technical_traits: requested = 3, found = 3, missing = 0
Protected traits in SVA model: soc_env_tot, env_tot, soc_tot, wflzd_0to6mo, wflzd_6to12mo
[getPCs_generic] Determining number of PCs via sva::num.sv
Saved: Variance_Explained_First20_PCs.pdf
[getMEtraitCor] Testing associations between module eigennodes and sample traits using pearson correlation
[getMEtraitCor] Saving file as /quobyte/lasallegrp/projects/GROWELL/WGBS/2025_bgw_comethyl_Victoria/comethyl_output/consensus/06_pc_diagnostics/Females/cov3_75pct/covMin4_methSD0p08/PC_Trait_Correlation_Stats_Pearson.tsv
[getMEtraitCor] Testing associations between module eigennodes and sample traits using bicor correlation
[getMEtraitCor] Saving file as /quobyte/lasallegrp/projects/GROWELL/WGBS/2025_bgw_comethyl_Victoria/comethyl_output/consensus/06_pc_diagnostics/Females/cov3_75pct/covMin4_methSD0p08/PC_Trait_Correlation_Stats_Bicor.tsv
Saving publication heatmap: /quobyte/lasallegrp/projects/GROWELL/WGBS/2025_bgw_comethyl_Victoria/comethyl_output/consensus/06_pc_diagnostics/Females/cov3_75pct/covMin4_methSD0p08/PC_Trait_Bicor_Heatmap_PUBLICATION.pdf
[plotMEtraitCor_pub] corType = bicor
[plotMEtraitCor_pub] autoSize -> width=6.00, height=5.00 (nX=2,nY=8)
Saving top-cells heatmap: /quobyte/lasallegrp/projects/GROWELL/WGBS/2025_bgw_comethyl_Victoria/comethyl_output/consensus/06_pc_diagnostics/Females/cov3_75pct/covMin4_methSD0p08/PC_Trait_Bicor_Heatmap_Top50Cells.pdf
[plotMEtraitCor_pub] corType = bicor
[plotTraitDendrogramFromPC] Saved: /quobyte/lasallegrp/projects/GROWELL/WGBS/2025_bgw_comethyl_Victoria/comethyl_output/consensus/06_pc_diagnostics/Females/cov3_75pct/covMin4_methSD0p08/Trait_Dendrogram_From_PC_Associations.pdf
Script 06 complete: PC diagnostics finished
Output: /quobyte/lasallegrp/projects/GROWELL/WGBS/2025_bgw_comethyl_Victoria/comethyl_output/consensus/06_pc_diagnostics/Females/cov3_75pct/covMin4_methSD0p08
  dataset : Females
  cpg     : cov3_75pct
  region  : covMin4_methSD0p08
  SVs selected by num.sv: 2 of 23 total PCs
Starting Script 07
Derived labels:
  dataset_label : Males
  cpg_label     : cov3_75pct
  region_label  : covMin4_methSD0p08
Output directory: /quobyte/lasallegrp/projects/GROWELL/WGBS/2025_bgw_comethyl_Victoria/comethyl_output/consensus/07_methylation_adjustment/Males/cov3_75pct/covMin4_methSD0p08
After alignment: 478546 regions x 25 samples; 3 PCs
[readTraitFile] Loaded 7 traits from: /quobyte/lasallegrp/projects/GROWELL/WGBS/2025_bgw_comethyl_Victoria/config/protected_traits.txt
[readTraitFile] Loaded 3 traits from: /quobyte/lasallegrp/projects/GROWELL/WGBS/2025_bgw_comethyl_Victoria/config/technical_traits.txt
[resolveTraits] protected_traits: requested = 7, found = 5, missing = 2
[resolveTraits] technical_traits: requested = 3, found = 3, missing = 0
[adjustRegionMeth] Adjusting region methylation for the top principal components
[adjustRegionMeth] Saving file as /quobyte/lasallegrp/projects/GROWELL/WGBS/2025_bgw_comethyl_Victoria/comethyl_output/consensus/07_methylation_adjustment/Males/cov3_75pct/covMin4_methSD0p08/v1_all_pcs/Males_Adjusted_Region_Methylation_allPCs.rds
v1 complete [Males]: used all 3 PCs
[adjustRegionMeth] Adjusting region methylation for the top principal components
[adjustRegionMeth] Saving file as /quobyte/lasallegrp/projects/GROWELL/WGBS/2025_bgw_comethyl_Victoria/comethyl_output/consensus/07_methylation_adjustment/Males/cov3_75pct/covMin4_methSD0p08/v2_exclude_protected_pcs/Males_Adjusted_Region_Methylation_excluding_protected_PCs_bicor.rds
v2 complete [Males]: removed 2 PCs; used 1
Skipping v3 (run_v3 = FALSE)
Script 07 complete: methylation adjustment finished
Output: /quobyte/lasallegrp/projects/GROWELL/WGBS/2025_bgw_comethyl_Victoria/comethyl_output/consensus/07_methylation_adjustment/Males/cov3_75pct/covMin4_methSD0p08
Starting Script 07
Derived labels:
  dataset_label : Females
  cpg_label     : cov3_75pct
  region_label  : covMin4_methSD0p08
Output directory: /quobyte/lasallegrp/projects/GROWELL/WGBS/2025_bgw_comethyl_Victoria/comethyl_output/consensus/07_methylation_adjustment/Females/cov3_75pct/covMin4_methSD0p08
After alignment: 478546 regions x 23 samples; 2 PCs
[readTraitFile] Loaded 7 traits from: /quobyte/lasallegrp/projects/GROWELL/WGBS/2025_bgw_comethyl_Victoria/config/protected_traits.txt
[readTraitFile] Loaded 3 traits from: /quobyte/lasallegrp/projects/GROWELL/WGBS/2025_bgw_comethyl_Victoria/config/technical_traits.txt
[resolveTraits] protected_traits: requested = 7, found = 5, missing = 2
[resolveTraits] technical_traits: requested = 3, found = 3, missing = 0
[adjustRegionMeth] Adjusting region methylation for the top principal components
[adjustRegionMeth] Saving file as /quobyte/lasallegrp/projects/GROWELL/WGBS/2025_bgw_comethyl_Victoria/comethyl_output/consensus/07_methylation_adjustment/Females/cov3_75pct/covMin4_methSD0p08/v1_all_pcs/Females_Adjusted_Region_Methylation_allPCs.rds
v1 complete [Females]: used all 2 PCs
[adjustRegionMeth] Adjusting region methylation for the top principal components
[adjustRegionMeth] Saving file as /quobyte/lasallegrp/projects/GROWELL/WGBS/2025_bgw_comethyl_Victoria/comethyl_output/consensus/07_methylation_adjustment/Females/cov3_75pct/covMin4_methSD0p08/v2_exclude_protected_pcs/Females_Adjusted_Region_Methylation_excluding_protected_PCs_bicor.rds
v2 complete [Females]: removed 0 PCs; used 2
Skipping v3 (run_v3 = FALSE)
Script 07 complete: methylation adjustment finished
Output: /quobyte/lasallegrp/projects/GROWELL/WGBS/2025_bgw_comethyl_Victoria/comethyl_output/consensus/07_methylation_adjustment/Females/cov3_75pct/covMin4_methSD0p08
Starting Script 8 ✓
Derived labels:
  cpg_label    : cov3_75pct
  region_label : covMin4_methSD0p08
Shared output directory: /quobyte/lasallegrp/projects/GROWELL/WGBS/2025_bgw_comethyl_Victoria/comethyl_output/consensus/08_soft_power/shared/cov3_75pct/covMin4_methSD0p08/v1_all_pcs

============================== Dataset: Males
[getSoftPower] Analyzing scale-free topology with pearson correlation to estimate best soft-thresholding power
[getSoftPower] At soft power threshold = 18, fit = 0.842 and mean connectivity = 140
[getSoftPower] Saving file as /quobyte/lasallegrp/projects/GROWELL/WGBS/2025_bgw_comethyl_Victoria/comethyl_output/consensus/08_soft_power/Males/cov3_75pct/covMin4_methSD0p08/v1_all_pcs/SoftPower_pearson.rds
[getDendro] Clustering by euclidean distance
[plotDendro] Plotting dendrogram
[plotDendro] Saving plot as /quobyte/lasallegrp/projects/GROWELL/WGBS/2025_bgw_comethyl_Victoria/comethyl_output/consensus/08_soft_power/Males/cov3_75pct/covMin4_methSD0p08/v1_all_pcs/Sample_Dendrogram_pearson.pdf
Saved sample dendrogram: Males
Soft power done: Males

============================== Dataset: Females
[getSoftPower] Analyzing scale-free topology with pearson correlation to estimate best soft-thresholding power
[getSoftPower] At soft power threshold = 1, fit = 0.071 and mean connectivity = 241022.4
[getSoftPower] Saving file as /quobyte/lasallegrp/projects/GROWELL/WGBS/2025_bgw_comethyl_Victoria/comethyl_output/consensus/08_soft_power/Females/cov3_75pct/covMin4_methSD0p08/v1_all_pcs/SoftPower_pearson.rds
[getDendro] Clustering by euclidean distance
[plotDendro] Plotting dendrogram
[plotDendro] Saving plot as /quobyte/lasallegrp/projects/GROWELL/WGBS/2025_bgw_comethyl_Victoria/comethyl_output/consensus/08_soft_power/Females/cov3_75pct/covMin4_methSD0p08/v1_all_pcs/Sample_Dendrogram_pearson.pdf
Saved sample dendrogram: Females
Soft power done: Females
Chosen consensus power: 18 (fallback: smallest power maximizing datasets meeting cutoff)
Warning message:
`aes_string()` was deprecated in ggplot2 3.0.0.
ℹ Please use tidy evaluation idioms with `aes()`.
ℹ See also `vignette("ggplot2-in-packages")` for more information. 
Saved: Consensus_SoftPower_Combined.pdf
 Script 08 complete: soft power analysis finished
Shared output: /quobyte/lasallegrp/projects/GROWELL/WGBS/2025_bgw_comethyl_Victoria/comethyl_output/consensus/08_soft_power/shared/cov3_75pct/covMin4_methSD0p08/v1_all_pcs
Starting Script 8 ✓
Derived labels:
  cpg_label    : cov3_75pct
  region_label : covMin4_methSD0p08
Shared output directory: /quobyte/lasallegrp/projects/GROWELL/WGBS/2025_bgw_comethyl_Victoria/comethyl_output/consensus/08_soft_power/shared/cov3_75pct/covMin4_methSD0p08/v2_exclude_protected_pcs

============================== Dataset: Males
[getSoftPower] Analyzing scale-free topology with pearson correlation to estimate best soft-thresholding power
[getSoftPower] At soft power threshold = 20, fit = 0.707 and mean connectivity = 670.5
[getSoftPower] Saving file as /quobyte/lasallegrp/projects/GROWELL/WGBS/2025_bgw_comethyl_Victoria/comethyl_output/consensus/08_soft_power/Males/cov3_75pct/covMin4_methSD0p08/v2_exclude_protected_pcs/SoftPower_pearson.rds
[getDendro] Clustering by euclidean distance
[plotDendro] Plotting dendrogram
[plotDendro] Saving plot as /quobyte/lasallegrp/projects/GROWELL/WGBS/2025_bgw_comethyl_Victoria/comethyl_output/consensus/08_soft_power/Males/cov3_75pct/covMin4_methSD0p08/v2_exclude_protected_pcs/Sample_Dendrogram_pearson.pdf
Saved sample dendrogram: Males
Soft power done: Males

============================== Dataset: Females
[getSoftPower] Analyzing scale-free topology with pearson correlation to estimate best soft-thresholding power
[getSoftPower] At soft power threshold = 1, fit = 0.071 and mean connectivity = 241022.4
[getSoftPower] Saving file as /quobyte/lasallegrp/projects/GROWELL/WGBS/2025_bgw_comethyl_Victoria/comethyl_output/consensus/08_soft_power/Females/cov3_75pct/covMin4_methSD0p08/v2_exclude_protected_pcs/SoftPower_pearson.rds
[getDendro] Clustering by euclidean distance
[plotDendro] Plotting dendrogram
[plotDendro] Saving plot as /quobyte/lasallegrp/projects/GROWELL/WGBS/2025_bgw_comethyl_Victoria/comethyl_output/consensus/08_soft_power/Females/cov3_75pct/covMin4_methSD0p08/v2_exclude_protected_pcs/Sample_Dendrogram_pearson.pdf
Saved sample dendrogram: Females
Soft power done: Females
Chosen consensus power: 1 (fallback: smallest power maximizing datasets meeting cutoff)
Warning message:
`aes_string()` was deprecated in ggplot2 3.0.0.
ℹ Please use tidy evaluation idioms with `aes()`.
ℹ See also `vignette("ggplot2-in-packages")` for more information. 
Saved: Consensus_SoftPower_Combined.pdf
 Script 08 complete: soft power analysis finished
Shared output: /quobyte/lasallegrp/projects/GROWELL/WGBS/2025_bgw_comethyl_Victoria/comethyl_output/consensus/08_soft_power/shared/cov3_75pct/covMin4_methSD0p08/v2_exclude_protected_pcs
Starting Script 9 ✓
Derived cpg_label    : cov3_75pct
Derived region_label : covMin4_methSD0p08
[2026-08-21T01:05:14.278] error: *** JOB 20940570 ON hive-dc-7-4-38 CANCELLED AT 2026-08-21T01:05:14 DUE to SIGNAL Terminated ***
